** Drc report for rezo_v0.1.kicad_pcb **
** Created on 2026-03-04T00:08:39+0000 **

** Found 32 DRC violations **
[silk_overlap]: Silkscreen overlap
    Rule: board setup constraints silk; warning
    @(119.5250 mm, 66.2026 mm): Reference field of C3
    @(119.8948 mm, 65.5210 mm): Circle of U3 on Top Overlay
[silk_overlap]: Silkscreen overlap
    Rule: board setup constraints silk; warning
    @(115.3650 mm, 66.0310 mm): Reference field of SW2
    @(116.8548 mm, 66.7790 mm): Reference field of U3
[silk_overlap]: Silkscreen overlap
    Rule: board setup constraints silk; warning
    @(115.3650 mm, 66.0310 mm): Reference field of SW2
    @(117.8948 mm, 65.7710 mm): Segment of U3 on Top Overlay
[silk_over_copper]: Silkscreen clipped by solder mask
    Local override; warning
    @(115.3650 mm, 66.0310 mm): Reference field of SW2
[silk_over_copper]: Silkscreen clipped by solder mask
    Local override; warning
    @(103.7000 mm, 69.2915 mm): Segment of U1 on Board Layer Stack Bottom Overlay
[silk_over_copper]: Silkscreen clipped by solder mask
    Local override; warning
    @(119.5750 mm, 71.1965 mm): Segment of U1 on Board Layer Stack Bottom Overlay
[silk_over_copper]: Silkscreen clipped by solder mask
    Local override; warning
    @(121.4800 mm, 69.2915 mm): Segment of U1 on Board Layer Stack Bottom Overlay
[silk_over_copper]: Silkscreen clipped by solder mask
    Local override; warning
    @(105.6051 mm, 52.1465 mm): Arc of U1 on Board Layer Stack Bottom Overlay
[silk_over_copper]: Silkscreen clipped by solder mask
    Local override; warning
    @(105.6050 mm, 69.2915 mm): Arc of U1 on Board Layer Stack Bottom Overlay
[silk_over_copper]: Silkscreen clipped by solder mask
    Local override; warning
    @(119.5750 mm, 52.1425 mm): Arc of U1 on Board Layer Stack Bottom Overlay
[silk_over_copper]: Silkscreen clipped by solder mask
    Local override; warning
    @(119.5750 mm, 69.2915 mm): Arc of U1 on Board Layer Stack Bottom Overlay
[text_height]: Text height out of range (board setup constraints silk text height min height 0.8000 mm; actual 0.7823 mm)
    Rule: board setup constraints silk text height; warning
    @(121.9800 mm, 49.2785 mm): Reference field of U1
[lib_footprint_issues]: The current configuration does not include the footprint library 'Capacitor_SMD'.
    Local override; warning
    @(119.5250 mm, 67.6326 mm): Footprint C3
[lib_footprint_issues]: The current configuration does not include the footprint library 'Capacitor_SMD'.
    Local override; warning
    @(110.0523 mm, 64.2178 mm): Footprint C1
[lib_footprint_issues]: The current configuration does not include the footprint library 'Resistor_SMD'.
    Local override; warning
    @(114.9351 mm, 55.0467 mm): Footprint R4
[lib_footprint_issues]: The current configuration does not include the footprint library 'Connector'.
    Local override; warning
    @(123.7627 mm, 62.0000 mm): Footprint J3
[lib_footprint_issues]: The current configuration does not include the footprint library 'Connector'.
    Local override; warning
    @(102.0000 mm, 62.0000 mm): Footprint J2
[lib_footprint_issues]: The current configuration does not include the footprint library 'Capacitor_SMD'.
    Local override; warning
    @(101.5875 mm, 57.5163 mm): Footprint C4
[lib_footprint_issues]: The current configuration does not include the footprint library 'Library'.
    Local override; warning
    @(116.3948 mm, 64.2710 mm): Footprint U3
[lib_footprint_issues]: The current configuration does not include the footprint library 'Resistor_SMD'.
    Local override; warning
    @(106.6343 mm, 54.4613 mm): Footprint R1
[lib_footprint_issues]: The current configuration does not include the footprint library 'Capacitor_SMD'.
    Local override; warning
    @(107.5132 mm, 65.8764 mm): Footprint C2
[lib_footprint_issues]: The current configuration does not include the footprint library 'Library'.
    Local override; warning
    @(103.3887 mm, 67.6667 mm): Footprint U2
[lib_footprint_issues]: The current configuration does not include the footprint library 'Button_Switch_SMD'.
    Local override; warning
    @(116.0000 mm, 72.0000 mm): Footprint SW2
[lib_footprint_issues]: The current configuration does not include the footprint library 'Resistor_SMD'.
    Local override; warning
    @(110.9625 mm, 59.0774 mm): Footprint R3
[lib_footprint_issues]: The current configuration does not include the footprint library 'Connector'.
    Local override; warning
    @(116.7854 mm, 59.5000 mm): Footprint J1
[lib_footprint_issues]: The current configuration does not include the footprint library 'Resistor_SMD'.
    Local override; warning
    @(122.2906 mm, 54.1991 mm): Footprint R2
[lib_footprint_issues]: The current configuration does not include the footprint library 'Library'.
    Local override; warning
    @(112.5350 mm, 60.7785 mm): Footprint U1
[silk_edge_clearance]: Silkscreen clipped by board edge
    Rule: board setup constraints silk; warning
    @(100.0000 mm, 70.0000 mm): Segment on Edge.Cuts
    @(100.1574 mm, 57.5163 mm): Reference field of C4
[silk_edge_clearance]: Silkscreen clipped by board edge
    Rule: board setup constraints silk; warning
    @(121.0000 mm, 74.0000 mm): Segment on Edge.Cuts
    @(114.7500 mm, 73.7500 mm): Segment of SW2 on Top Overlay
[silk_edge_clearance]: Silkscreen clipped by board edge
    Rule: board setup constraints silk; warning
    @(121.0000 mm, 74.0000 mm): Segment on Edge.Cuts
    @(117.2500 mm, 74.7500 mm): Segment of SW2 on Top Overlay
[silk_edge_clearance]: Silkscreen clipped by board edge
    Rule: board setup constraints silk; warning
    @(104.0000 mm, 50.0000 mm): Segment on Edge.Cuts
    @(108.0860 mm, 49.2315 mm): Segment of U1 on Board Layer Stack Bottom Overlay
[silk_edge_clearance]: Silkscreen clipped by board edge
    Rule: board setup constraints silk; warning
    @(104.0000 mm, 50.0000 mm): Segment on Edge.Cuts
    @(117.0850 mm, 50.2415 mm): Segment of U1 on Board Layer Stack Bottom Overlay

** Found 0 unconnected pads **

** Found 0 Footprint errors **

** End of Report **
